500 anchors, 36 windings, seam 60.0deg
  chunk 1/25 z836-855: 20 anchors (total 20)
  chunk 2/25 z913-932: 20 anchors (total 40)
  chunk 3/25 z939-958: 20 anchors (total 60)
  chunk 4/25 z980-999: 20 anchors (total 80)
  chunk 5/25 z1042-1061: 20 anchors (total 100)
  chunk 6/25 z1071-1090: 20 anchors (total 120)
  chunk 7/25 z1095-1114: 20 anchors (total 140)
  chunk 8/25 z1203-1222: 20 anchors (total 160)
  chunk 9/25 z1263-1282: 20 anchors (total 180)
  chunk 10/25 z1344-1363: 20 anchors (total 200)
  chunk 11/25 z1423-1442: 20 anchors (total 220)
  chunk 12/25 z1448-1467: 20 anchors (total 240)
  chunk 13/25 z1489-1508: 20 anchors (total 260)
  chunk 14/25 z1547-1566: 20 anchors (total 280)
  chunk 15/25 z1595-1614: 20 anchors (total 300)
  chunk 16/25 z1636-1655: 20 anchors (total 320)
  chunk 17/25 z1669-1688: 20 anchors (total 340)
  chunk 18/25 z1703-1722: 20 anchors (total 360)
  chunk 19/25 z1734-1753: 20 anchors (total 380)
  chunk 20/25 z1774-1793: 20 anchors (total 400)
  chunk 21/25 z1797-1816: 20 anchors (total 420)
  chunk 22/25 z1847-1866: 20 anchors (total 440)
  chunk 23/25 z1869-1888: 20 anchors (total 460)
  chunk 24/25 z1898-1917: 20 anchors (total 480)
  chunk 25/25 z1962-1981: 20 anchors (total 500)
/data/user/li_k1/M_thesis/Scripts/diag_path_vs_emulsion.py:200: RuntimeWarning: All-NaN slice encountered
  permed = np.nanmedian(np.where(valid, OFF, np.nan), axis=0)      # (nw, NB)
/data/user/li_k1/M_thesis/Scripts/diag_path_vs_emulsion.py:211: RuntimeWarning: All-NaN slice encountered
  permed0 = np.nanmedian(np.where(np.isfinite(OFF), OFF, np.nan), axis=0)

emulsion found for 92.5% of (anchor,winding,bin)
|offset to emulsion centre|: med 0.25px  p90 0.50px  p99 1.50px  max 14.0px
z-median offset per (winding,bin): p90 |.| 0.00px  max 14.00px
  (a SYSTEMATIC bias survives the z-median; per-slice noise does not -- so this row is the part that makes a VERTICAL band)
  zoom w33 bin1104 z1499 offset +1.0px
  zoom w32 bin1084 z1499 offset +1.0px
  zoom w8 bin854 z1713 offset -0.8px
  zoom w25 bin941 z1499 offset +0.8px
  zoom w31 bin808 z1499 offset +0.8px
  zoom w2 bin692 z1499 offset -0.5px
  zoom w19 bin347 z1491 offset +0.5px
  zoom w30 bin421 z1499 offset +0.5px

Done -> unwrapping/inr/results/fitdiag_v12
